#-----------------------------------------------------------
# Vivado v2015.2 (64-bit)
# SW Build 1266856 on Fri Jun 26 16:35:25 MDT 2015
# IP Build 1264090 on Wed Jun 24 14:22:01 MDT 2015
# Start of session at: Thu Apr 16 11:23:41 2020
# Process ID: 43851
# Log file: /home/ugrads/d/dweerasinghe/ECEN350/Lab09/vivado.log
# Journal file: /home/ugrads/d/dweerasinghe/ECEN350/Lab09/vivado.jou
#-----------------------------------------------------------
start_gui
create_project project_1 /home/ugrads/d/dweerasinghe/ECEN350/Lab09/project_1 -part xc7z045ffg900-2
set_property board_part xilinx.com:zc706:part0:1.2 [current_project]
add_files -norecurse {/home/ugrads/d/dweerasinghe/ECEN350/Lab09/registerfile.v /home/ugrads/d/dweerasinghe/ECEN350/Lab09/DataMemory.v /home/ugrads/d/dweerasinghe/ECEN350/Lab09/nextpc.v /home/ugrads/d/dweerasinghe/ECEN350/Lab09/SingleCycleProc.v /home/ugrads/d/dweerasinghe/ECEN350/Lab09/SingleCycleProcTest.v /home/ugrads/d/dweerasinghe/ECEN350/Lab09/alu.v /home/ugrads/d/dweerasinghe/ECEN350/Lab09/SingleCycleControl.v /home/ugrads/d/dweerasinghe/ECEN350/Lab09/ImmGenerator.v /home/ugrads/d/dweerasinghe/ECEN350/Lab09/InstructionMemory.v}
update_compile_order -fileset sources_1
update_compile_order -fileset sources_1
update_compile_order -fileset sim_1
update_compile_order -fileset sources_1
# Disabling source management mode.  This is to allow the top design properties to be set without GUI intervention.
set_property source_mgmt_mode None [current_project]
set_property top SingleCycleProcTest_v [current_fileset]
# Re-enabling previously disabled source management mode.
set_property source_mgmt_mode All [current_project]
update_compile_order -fileset sources_1
# Disabling source management mode.  This is to allow the top design properties to be set without GUI intervention.
set_property source_mgmt_mode None [current_project]
set_property top SingleCycleProcTest_v [get_filesets sim_1]
set_property top_lib xil_defaultlib [get_filesets sim_1]
# Re-enabling previously disabled source management mode.
set_property source_mgmt_mode All [current_project]
launch_simulation
launch_simulation
update_compile_order -fileset sources_1
launch_simulation
launch_simulation
launch_simulation
launch_simulation
launch_simulation
close_project
create_project project_2 /home/ugrads/d/dweerasinghe/ECEN350/Lab09/Lab09s/project_2 -part xc7vx485tffg1157-1
add_files -norecurse {{/home/ugrads/d/dweerasinghe/ECEN350/Lab09/Lab09s/4/SingleCycleProcTest (1).v} /home/ugrads/d/dweerasinghe/ECEN350/Lab09/Lab09s/4/allModules.v}
update_compile_order -fileset sources_1
update_compile_order -fileset sources_1
update_compile_order -fileset sim_1
launch_simulation
launch_simulation
